// Jest Snapshot v1, https://goo.gl/fbAQLP

exports[`ProductTitle Debe mostrar el componente con el nombre del producto 1`] = `
<div
  className="productCard "
>
  <span
    className="productDescription "
  >
    Coffee Mug - Sin imagen
  </span>
</div>
`;

exports[`ProductTitle Debe mostrar el componente correctamente con el titulo 1`] = `
<span
  className="productDescription custom-class"
>
  Custom Product
</span>
`;
